16:56:31 **** Incremental Build of configuration Debug for project MODBUS_RTU_MODE_XMC47 ****
"\"C:\\DAVEv4-64Bit\\DAVE-4.3.2\\eclipse\\ARM-GCC-49\\bin\\make\"" --output-sync -j4 all 
'Invoking: ARM-GCC Print Size'
"C:/DAVEv4-64Bit/DAVE-4.3.2/eclipse/ARM-GCC-49/bin/arm-none-eabi-size" --format=berkeley "MODBUS_RTU_MODE_XMC47.elf"
   text	   data	    bss	    dec	    hex	filename
  35556	    512	  66084	 102152	  18f08	MODBUS_RTU_MODE_XMC47.elf
'Finished building: MODBUS_RTU_MODE_XMC47.siz'


16:56:32 Build Finished (took 1s.393ms)

